Using pre-set license
Built from '6000.0/release' branch; Version is '6000.0.35f1 (9a3bc604008a) revision 10107846'; Using compiler version '193933523'; Build Type 'Release'
OS: 'Windows 11  (10.0.22631) 64bit Education' Language: 'pt' Physical Memory: 16053 MB
BatchMode: 1, IsHumanControllingUs: 0, StartBugReporterOnCrash: 0, Is64bit: 1, IsPro: 1

COMMAND LINE ARGUMENTS:
C:\Program Files\Unity\Hub\Editor\6000.0.35f1-x86_64\Editor\Unity.exe
-adb2
-batchMode
-noUpm
-name
AssetImportWorker4
-projectPath
C:/Users/ra00349650/Downloads/Orfanato-de-Mary-Carry/Orfanato de Mary Carry
-logFile
Logs/AssetImportWorker4.log
-srvPort
49217
-job-worker-count
9
-background-job-worker-count
8
-gc-helper-count
1
Successfully changed project path to: C:/Users/ra00349650/Downloads/Orfanato-de-Mary-Carry/Orfanato de Mary Carry
C:/Users/ra00349650/Downloads/Orfanato-de-Mary-Carry/Orfanato de Mary Carry
[UnityMemory] Configuration Parameters - Can be set up in boot.config
    "memorysetup-bucket-allocator-granularity=16"
    "memorysetup-bucket-allocator-bucket-count=8"
    "memorysetup-bucket-allocator-block-size=33554432"
    "memorysetup-bucket-allocator-block-count=8"
    "memorysetup-main-allocator-block-size=16777216"
    "memorysetup-thread-allocator-block-size=16777216"
    "memorysetup-gfx-main-allocator-block-size=16777216"
    "memorysetup-gfx-thread-allocator-block-size=16777216"
    "memorysetup-cache-allocator-block-size=4194304"
    "memorysetup-typetree-allocator-block-size=2097152"
    "memorysetup-profiler-bucket-allocator-granularity=16"
    "memorysetup-profiler-bucket-allocator-bucket-count=8"
    "memorysetup-profiler-bucket-allocator-block-size=33554432"
    "memorysetup-profiler-bucket-allocator-block-count=8"
    "memorysetup-profiler-allocator-block-size=16777216"
    "memorysetup-profiler-editor-allocator-block-size=1048576"
    "memorysetup-temp-allocator-size-main=16777216"
    "memorysetup-job-temp-allocator-block-size=2097152"
    "memorysetup-job-temp-allocator-block-size-background=1048576"
    "memorysetup-job-temp-allocator-reduction-small-platforms=262144"
    "memorysetup-allocator-temp-initial-block-size-main=262144"
    "memorysetup-allocator-temp-initial-block-size-worker=262144"
    "memorysetup-temp-allocator-size-background-worker=32768"
    "memorysetup-temp-allocator-size-job-worker=262144"
    "memorysetup-temp-allocator-size-preload-manager=33554432"
    "memorysetup-temp-allocator-size-nav-mesh-worker=65536"
    "memorysetup-temp-allocator-size-audio-worker=65536"
    "memorysetup-temp-allocator-size-cloud-worker=32768"
    "memorysetup-temp-allocator-size-gi-baking-worker=262144"
    "memorysetup-temp-allocator-size-gi-baking-worker=262144"
    "memorysetup-temp-allocator-size-gi-baking-worker=262144"
    "memorysetup-temp-allocator-size-gi-baking-worker=262144"
    "memorysetup-temp-allocator-size-gi-baking-worker=262144"
    "memorysetup-temp-allocator-size-gfx=262144"
Player connection [18736]  Target information:

Player connection [18736]  * "[IP] 172.17.5.12 [Port] 0 [Flags] 2 [Guid] 2846641143 [EditorId] 2846641143 [Version] 1048832 [Id] WindowsEditor(7,DSP-BRJ3055CN5) [Debug] 1 [PackageName] WindowsEditor [ProjectName] Editor" 

Player connection [18736]  * "[IP] 172.17.176.1 [Port] 0 [Flags] 2 [Guid] 2846641143 [EditorId] 2846641143 [Version] 1048832 [Id] WindowsEditor(7,DSP-BRJ3055CN5) [Debug] 1 [PackageName] WindowsEditor [ProjectName] Editor" 

Player connection [18736]  * "[IP] 192.168.56.1 [Port] 0 [Flags] 2 [Guid] 2846641143 [EditorId] 2846641143 [Version] 1048832 [Id] WindowsEditor(7,DSP-BRJ3055CN5) [Debug] 1 [PackageName] WindowsEditor [ProjectName] Editor" 

Player connection [18736] Host joined multi-casting on [225.0.0.222:54997]...
Player connection [18736] Host joined alternative multi-casting on [225.0.0.222:34997]...
JobSystem: Creating JobQueue using job-worker-count value 9
Input System module state changed to: Initialized.
[Physics::Module] Initialized fallback backend.
[Physics::Module] Id: 0xdecafbad
Library Redirect Path: Library/
[Physics::Module] Selected backend.
[Physics::Module] Name: PhysX
[Physics::Module] Id: 0xf2b8ea05
[Physics::Module] SDK Version: 4.1.2
[Physics::Module] Integration Version: 1.0.0
[Physics::Module] Threading Mode: Multi-Threaded
Refreshing native plugins compatible for Editor in 0.73 ms, found 3 plugins.
Preloading 0 native plugins for Editor in 0.00 ms.
Initialize engine version: 6000.0.35f1 (9a3bc604008a)
[Subsystems] Discovering subsystems at path C:/Program Files/Unity/Hub/Editor/6000.0.35f1-x86_64/Editor/Data/Resources/UnitySubsystems
[Subsystems] Discovering subsystems at path C:/Users/ra00349650/Downloads/Orfanato-de-Mary-Carry/Orfanato de Mary Carry/Assets
GfxDevice: creating device client; kGfxThreadingModeNonThreaded
Direct3D:
    Version:         Direct3D 12 [level 12.1]
    Renderer:        NVIDIA T400 4GB (ID=0x1ff2)
    Vendor:          NVIDIA
    VRAM:            3943 MB
    App VRAM Budget: 3351 MB
    Driver:          31.0.15.5362
Initialize mono
Mono path[0] = 'C:/Program Files/Unity/Hub/Editor/6000.0.35f1-x86_64/Editor/Data/Managed'
Mono path[1] = 'C:/Program Files/Unity/Hub/Editor/6000.0.35f1-x86_64/Editor/Data/MonoBleedingEdge/lib/mono/unityjit-win32'
Mono config path = 'C:/Program Files/Unity/Hub/Editor/6000.0.35f1-x86_64/Editor/Data/MonoBleedingEdge/etc'
Using monoOptions --debugger-agent=transport=dt_socket,embedding=1,server=y,suspend=n,address=127.0.0.1:56800
Begin MonoManager ReloadAssembly
Registering precompiled unity dll's ...
Register platform support module: C:/Program Files/Unity/Hub/Editor/6000.0.35f1-x86_64/Editor/Data/PlaybackEngines/WindowsStandaloneSupport/UnityEditor.WindowsStandalone.Extensions.dll
Register platform support module: C:/Program Files/Unity/Hub/Editor/6000.0.35f1-x86_64/Editor/Data/PlaybackEngines/AndroidPlayer/UnityEditor.Android.Extensions.dll
Register platform support module: C:/Program Files/Unity/Hub/Editor/6000.0.35f1-x86_64/Editor/Data/PlaybackEngines/iOSSupport/UnityEditor.iOS.Extensions.dll
Registered in 0.001906 seconds.
- Loaded All Assemblies, in  0.268 seconds
[usbmuxd] Start listen thread
[usbmuxd] Listen thread started
Native extension for iOS target not found
Native extension for Android target not found
Android Extension - Scanning For ADB Devices 145 ms
Native extension for WindowsStandalone target not found
Mono: successfully reloaded assembly
- Finished resetting the current domain, in  0.411 seconds
Domain Reload Profiling: 679ms
	BeginReloadAssembly (98ms)
		ExecutionOrderSort (0ms)
		DisableScriptedObjects (0ms)
		BackupInstance (0ms)
		ReleaseScriptingObjects (0ms)
		CreateAndSetChildDomain (1ms)
	RebuildCommonClasses (24ms)
	RebuildNativeTypeToScriptingClass (8ms)
	initialDomainReloadingComplete (31ms)
	LoadAllAssembliesAndSetupDomain (106ms)
		LoadAssemblies (98ms)
		RebuildTransferFunctionScriptingTraits (0ms)
		AnalyzeDomain (104ms)
			TypeCache.Refresh (103ms)
				TypeCache.ScanAssembly (94ms)
			BuildScriptInfoCaches (0ms)
			ResolveRequiredComponents (0ms)
	FinalizeReload (411ms)
		ReleaseScriptCaches (0ms)
		RebuildScriptCaches (0ms)
		SetupLoadedEditorAssemblies (380ms)
			LogAssemblyErrors (0ms)
			InitializePlatformSupportModulesInManaged (218ms)
			SetLoadedEditorAssemblies (3ms)
			BeforeProcessingInitializeOnLoad (34ms)
			ProcessInitializeOnLoadAttributes (82ms)
			ProcessInitializeOnLoadMethodAttributes (43ms)
			AfterProcessingInitializeOnLoad (0ms)
			EditorAssembliesLoaded (0ms)
		ExecutionOrderSort2 (0ms)
		AwakeInstancesAfterBackupRestoration (0ms)
========================================================================
Worker process is ready to serve import requests
Import Worker Mode flag is 0x00
Begin MonoManager ReloadAssembly
- Loaded All Assemblies, in  0.677 seconds
'Packages/com.unity.render-pipelines.high-definition/Editor/Wizard/HDWizard.UIElement.cs' contains partial class of Unity.Object, exactly 1 of the partial classes needs to be in a file with the same filename. This is to know the one that can be referenced from ie. GameObjects
'Packages/com.unity.render-pipelines.high-definition/Editor/Wizard/HDWizard.Configuration.cs' contains partial class of Unity.Object, exactly 1 of the partial classes needs to be in a file with the same filename. This is to know the one that can be referenced from ie. GameObjects
'Packages/com.unity.render-pipelines.high-definition/Editor/Wizard/HDWizard.Window.cs' contains partial class of Unity.Object, exactly 1 of the partial classes needs to be in a file with the same filename. This is to know the one that can be referenced from ie. GameObjects
Refreshing native plugins compatible for Editor in 0.34 ms, found 3 plugins.
Native extension for iOS target not found
Native extension for Android target not found
Native extension for WindowsStandalone target not found
Mono: successfully reloaded assembly
- Finished resetting the current domain, in  0.611 seconds
Domain Reload Profiling: 1288ms
	BeginReloadAssembly (125ms)
		ExecutionOrderSort (0ms)
		DisableScriptedObjects (6ms)
		BackupInstance (0ms)
		ReleaseScriptingObjects (0ms)
		CreateAndSetChildDomain (21ms)
	RebuildCommonClasses (24ms)
	RebuildNativeTypeToScriptingClass (8ms)
	initialDomainReloadingComplete (25ms)
	LoadAllAssembliesAndSetupDomain (495ms)
		LoadAssemblies (273ms)
		RebuildTransferFunctionScriptingTraits (0ms)
		AnalyzeDomain (292ms)
			TypeCache.Refresh (193ms)
				TypeCache.ScanAssembly (178ms)
			BuildScriptInfoCaches (78ms)
			ResolveRequiredComponents (16ms)
	FinalizeReload (612ms)
		ReleaseScriptCaches (0ms)
		RebuildScriptCaches (0ms)
		SetupLoadedEditorAssemblies (506ms)
			LogAssemblyErrors (0ms)
			InitializePlatformSupportModulesInManaged (10ms)
			SetLoadedEditorAssemblies (4ms)
			BeforeProcessingInitializeOnLoad (70ms)
			ProcessInitializeOnLoadAttributes (224ms)
			ProcessInitializeOnLoadMethodAttributes (196ms)
			AfterProcessingInitializeOnLoad (2ms)
			EditorAssembliesLoaded (0ms)
		ExecutionOrderSort2 (0ms)
		AwakeInstancesAfterBackupRestoration (5ms)
Launched and connected shader compiler UnityShaderCompiler.exe after 0.01 seconds
Refreshing native plugins compatible for Editor in 0.36 ms, found 3 plugins.
Preloading 0 native plugins for Editor in 0.00 ms.
Unloading 446 Unused Serialized files (Serialized files now loaded: 0)
Unloading 6754 unused Assets / (5.4 MB). Loaded Objects now: 7677.
Memory consumption went from 242.3 MB to 236.9 MB.
Total: 5.558100 ms (FindLiveObjects: 0.425500 ms CreateObjectMapping: 0.411000 ms MarkObjects: 3.157200 ms  DeleteObjects: 1.563800 ms)

========================================================================
Received Import Request.
  Time since last request: 3227.787526 seconds.
  path: Assets/SpawnCampGames/WalkieTalkie/Models
  artifactKey: Guid(5ba8d2fc2d4088c40ba45be06e9fde85) Importer(815301076,1909f56bfc062723c751e8b465ee728b)
Start importing Assets/SpawnCampGames/WalkieTalkie/Models using Guid(5ba8d2fc2d4088c40ba45be06e9fde85) Importer(815301076,1909f56bfc062723c751e8b465ee728b) (PreviewImporter) -> (artifact id: '5ae93c6ea2e2aecdc3ab0bf4b37f18c4') in 0.0064811 seconds
Number of updated asset objects reloaded before import = 0Number of asset objects unloaded after import = 0

========================================================================
Received Import Request.
  Time since last request: 0.184312 seconds.
  path: Assets/SpawnCampGames/WalkieTalkie/Models/WalkieTalkie.blend
  artifactKey: Guid(b4b3f61e9adb2634bb26f2577e3527c9) Importer(815301076,1909f56bfc062723c751e8b465ee728b)
Start importing Assets/SpawnCampGames/WalkieTalkie/Models/WalkieTalkie.blend using Guid(b4b3f61e9adb2634bb26f2577e3527c9) Importer(815301076,1909f56bfc062723c751e8b465ee728b) (PreviewImporter) -> (artifact id: 'e117980745df672f71150bc48b4a2aca') in 1.7765097 seconds
Number of updated asset objects reloaded before import = 0Number of asset objects unloaded after import = 45

========================================================================
Received Import Request.
  Time since last request: 61.679763 seconds.
  path: Assets/SpawnCampGames/WalkieTalkie/Prefabs
  artifactKey: Guid(861b34246e930ed40865e5db6a99d9fa) Importer(815301076,1909f56bfc062723c751e8b465ee728b)
Start importing Assets/SpawnCampGames/WalkieTalkie/Prefabs using Guid(861b34246e930ed40865e5db6a99d9fa) Importer(815301076,1909f56bfc062723c751e8b465ee728b) (PreviewImporter) -> (artifact id: '1ce3d8d08b50946f26570607a29c8a21') in 0.0004417 seconds
Number of updated asset objects reloaded before import = 0Number of asset objects unloaded after import = 0

========================================================================
Received Import Request.
  Time since last request: 0.123786 seconds.
  path: Assets/SpawnCampGames/WalkieTalkie/Prefabs/Walkie.prefab
  artifactKey: Guid(4c4970da133b78f48acb2f155c3e351f) Importer(815301076,1909f56bfc062723c751e8b465ee728b)
Start importing Assets/SpawnCampGames/WalkieTalkie/Prefabs/Walkie.prefab using Guid(4c4970da133b78f48acb2f155c3e351f) Importer(815301076,1909f56bfc062723c751e8b465ee728b) (PreviewImporter) -> (artifact id: '55b4c98b286194abf63432b2c429c87f') in 0.0574698 seconds
Number of updated asset objects reloaded before import = 0Number of asset objects unloaded after import = 96

========================================================================
Received Import Request.
  Time since last request: 3.419297 seconds.
  path: Assets/SpawnCampGames/WalkieTalkie/Scenes
  artifactKey: Guid(6ea315d0fd7389c41b19996891e99ae3) Importer(815301076,1909f56bfc062723c751e8b465ee728b)
Start importing Assets/SpawnCampGames/WalkieTalkie/Scenes using Guid(6ea315d0fd7389c41b19996891e99ae3) Importer(815301076,1909f56bfc062723c751e8b465ee728b) (PreviewImporter) -> (artifact id: 'ebc56a425f574277bef41ed2dd408776') in 0.0024696 seconds
Number of updated asset objects reloaded before import = 0Number of asset objects unloaded after import = 0

========================================================================
Received Import Request.
  Time since last request: 2.152686 seconds.
  path: Assets/SpawnCampGames/WalkieTalkie/Textures
  artifactKey: Guid(652f242de74ed534493ed0036acda019) Importer(815301076,1909f56bfc062723c751e8b465ee728b)
Start importing Assets/SpawnCampGames/WalkieTalkie/Textures using Guid(652f242de74ed534493ed0036acda019) Importer(815301076,1909f56bfc062723c751e8b465ee728b) (PreviewImporter) -> (artifact id: '164265428eb409e0224c2ff5d0b49bd1') in 0.0003767 seconds
Number of updated asset objects reloaded before import = 0Number of asset objects unloaded after import = 0

========================================================================
Received Import Request.
  Time since last request: 0.164589 seconds.
  path: Assets/SpawnCampGames/WalkieTalkie/Textures/BaseFiberTexture.png
  artifactKey: Guid(68b8cbc0b0dd1304cb41f7073c683b9d) Importer(815301076,1909f56bfc062723c751e8b465ee728b)
Start importing Assets/SpawnCampGames/WalkieTalkie/Textures/BaseFiberTexture.png using Guid(68b8cbc0b0dd1304cb41f7073c683b9d) Importer(815301076,1909f56bfc062723c751e8b465ee728b) (PreviewImporter) -> (artifact id: 'b18f53f0561d69a19e6876ab9a2f8ef1') in 0.0867033 seconds
Number of updated asset objects reloaded before import = 0Number of asset objects unloaded after import = 2

========================================================================
Received Import Request.
  Time since last request: 0.000023 seconds.
  path: Assets/SpawnCampGames/WalkieTalkie/Textures/Walk_E_Display.png
  artifactKey: Guid(3d482691e39a4f545b9c8cf6d2ff1306) Importer(815301076,1909f56bfc062723c751e8b465ee728b)
Start importing Assets/SpawnCampGames/WalkieTalkie/Textures/Walk_E_Display.png using Guid(3d482691e39a4f545b9c8cf6d2ff1306) Importer(815301076,1909f56bfc062723c751e8b465ee728b) (PreviewImporter) -> (artifact id: 'd602e796d7c41feb584965832d5f12fb') in 0.0538736 seconds
Number of updated asset objects reloaded before import = 0Number of asset objects unloaded after import = 3

========================================================================
Received Import Request.
  Time since last request: 0.000025 seconds.
  path: Assets/SpawnCampGames/WalkieTalkie/Textures/WalkieRoughness.png
  artifactKey: Guid(862311c86446c184b92dc3e7e4efa8dc) Importer(815301076,1909f56bfc062723c751e8b465ee728b)
Start importing Assets/SpawnCampGames/WalkieTalkie/Textures/WalkieRoughness.png using Guid(862311c86446c184b92dc3e7e4efa8dc) Importer(815301076,1909f56bfc062723c751e8b465ee728b) (PreviewImporter) -> (artifact id: 'a47ec39e0223d44c919584aac214ed29') in 0.0138303 seconds
Number of updated asset objects reloaded before import = 0Number of asset objects unloaded after import = 2

========================================================================
Received Import Request.
  Time since last request: 0.000022 seconds.
  path: Assets/SpawnCampGames/WalkieTalkie/Textures/SpawnCampGames_proto_1m.png
  artifactKey: Guid(e83166a4a7c1c1e43b3d48f755ff2764) Importer(815301076,1909f56bfc062723c751e8b465ee728b)
Start importing Assets/SpawnCampGames/WalkieTalkie/Textures/SpawnCampGames_proto_1m.png using Guid(e83166a4a7c1c1e43b3d48f755ff2764) Importer(815301076,1909f56bfc062723c751e8b465ee728b) (PreviewImporter) -> (artifact id: 'bf9a91b15abc13a21db1aaf52d812039') in 0.0163436 seconds
Number of updated asset objects reloaded before import = 0Number of asset objects unloaded after import = 2

========================================================================
Received Import Request.
  Time since last request: 0.000019 seconds.
  path: Assets/SpawnCampGames/WalkieTalkie/Textures/WalkieButtonsColor.png
  artifactKey: Guid(d55ae0180a61a4547875003840443f45) Importer(815301076,1909f56bfc062723c751e8b465ee728b)
Start importing Assets/SpawnCampGames/WalkieTalkie/Textures/WalkieButtonsColor.png using Guid(d55ae0180a61a4547875003840443f45) Importer(815301076,1909f56bfc062723c751e8b465ee728b) (PreviewImporter) -> (artifact id: 'cb0c109ae87933d1361ed14049b50c70') in 0.024987 seconds
Number of updated asset objects reloaded before import = 0Number of asset objects unloaded after import = 2

========================================================================
Received Import Request.
  Time since last request: 18.900941 seconds.
  path: Assets/SpawnCampGames/WalkieTalkie/Textures/walktalk.mat
  artifactKey: Guid(90d8df938bec4524f9474e94f28a8f63) Importer(815301076,1909f56bfc062723c751e8b465ee728b)
Start importing Assets/SpawnCampGames/WalkieTalkie/Textures/walktalk.mat using Guid(90d8df938bec4524f9474e94f28a8f63) Importer(815301076,1909f56bfc062723c751e8b465ee728b) (PreviewImporter) -> (artifact id: 'e8004a82939124686169e5ab6a33cfc8') in 0.2116022 seconds
Number of updated asset objects reloaded before import = 0Number of asset objects unloaded after import = 1

========================================================================
Received Import Request.
  Time since last request: 245.417933 seconds.
  path: Assets/SpawnCampGames/WalkieTalkie/Textures/tela WT.mat
  artifactKey: Guid(bad72045ba874f64693749d4e91e9b2e) Importer(815301076,1909f56bfc062723c751e8b465ee728b)
Start importing Assets/SpawnCampGames/WalkieTalkie/Textures/tela WT.mat using Guid(bad72045ba874f64693749d4e91e9b2e) Importer(815301076,1909f56bfc062723c751e8b465ee728b) (PreviewImporter) -> (artifact id: 'c479e068fff5eafb52c20a9f3b3a8bff') in 0.1490893 seconds
Number of updated asset objects reloaded before import = 0Number of asset objects unloaded after import = 1

========================================================================
Received Import Request.
  Time since last request: 58.907641 seconds.
  path: Assets/SpawnCampGames/WalkieTalkie/Textures/tela WT.mat
  artifactKey: Guid(bad72045ba874f64693749d4e91e9b2e) Importer(815301076,1909f56bfc062723c751e8b465ee728b)
Start importing Assets/SpawnCampGames/WalkieTalkie/Textures/tela WT.mat using Guid(bad72045ba874f64693749d4e91e9b2e) Importer(815301076,1909f56bfc062723c751e8b465ee728b) (PreviewImporter) -> (artifact id: '80a4469aa166a559739db1e10ff68b38') in 0.0328743 seconds
Number of updated asset objects reloaded before import = 0Number of asset objects unloaded after import = 2

========================================================================
Received Import Request.
  Time since last request: 137.127192 seconds.
  path: Assets/SpawnCampGames/WalkieTalkie/Textures/botoes.mat
  artifactKey: Guid(f3d59854916b15a418ca8ba914c4ce85) Importer(815301076,1909f56bfc062723c751e8b465ee728b)
Start importing Assets/SpawnCampGames/WalkieTalkie/Textures/botoes.mat using Guid(f3d59854916b15a418ca8ba914c4ce85) Importer(815301076,1909f56bfc062723c751e8b465ee728b) (PreviewImporter) -> (artifact id: '73b7ea37a6bcb4945a00c18b325679fc') in 0.1710273 seconds
Number of updated asset objects reloaded before import = 0Number of asset objects unloaded after import = 1

========================================================================
Received Import Request.
  Time since last request: 238.088498 seconds.
  path: Assets/SpawnCampGames/WalkieTalkie/Textures/botoes.mat
  artifactKey: Guid(f3d59854916b15a418ca8ba914c4ce85) Importer(815301076,1909f56bfc062723c751e8b465ee728b)
Start importing Assets/SpawnCampGames/WalkieTalkie/Textures/botoes.mat using Guid(f3d59854916b15a418ca8ba914c4ce85) Importer(815301076,1909f56bfc062723c751e8b465ee728b) (PreviewImporter) -> (artifact id: '8c73179a536771b29667c456e5039a8d') in 0.119694 seconds
Number of updated asset objects reloaded before import = 0Number of asset objects unloaded after import = 2

========================================================================
Received Import Request.
  Time since last request: 22.984064 seconds.
  path: Assets/chaves/Keys
  artifactKey: Guid(5deea91e772ae8b4784ce235b308b865) Importer(815301076,1909f56bfc062723c751e8b465ee728b)
Start importing Assets/chaves/Keys using Guid(5deea91e772ae8b4784ce235b308b865) Importer(815301076,1909f56bfc062723c751e8b465ee728b) (PreviewImporter) -> (artifact id: '8199e86a94fdc216d13b24d31b9fa470') in 0.0007896 seconds
Number of updated asset objects reloaded before import = 0Number of asset objects unloaded after import = 0

========================================================================
Received Import Request.
  Time since last request: 9.293778 seconds.
  path: Assets/chaves/Keys/Materials
  artifactKey: Guid(15861c6a3b65a3346965ec6ae64f908a) Importer(815301076,1909f56bfc062723c751e8b465ee728b)
Start importing Assets/chaves/Keys/Materials using Guid(15861c6a3b65a3346965ec6ae64f908a) Importer(815301076,1909f56bfc062723c751e8b465ee728b) (PreviewImporter) -> (artifact id: 'e07fe508a32a20a74f3d3fd1b615e2c4') in 0.0010716 seconds
Number of updated asset objects reloaded before import = 0Number of asset objects unloaded after import = 0

========================================================================
Received Import Request.
  Time since last request: 0.149743 seconds.
  path: Assets/chaves/Keys/Materials/Key Simple 02.mat
  artifactKey: Guid(aae4d65e21c34b146bfdfed4c579ad10) Importer(815301076,1909f56bfc062723c751e8b465ee728b)
Start importing Assets/chaves/Keys/Materials/Key Simple 02.mat using Guid(aae4d65e21c34b146bfdfed4c579ad10) Importer(815301076,1909f56bfc062723c751e8b465ee728b) (PreviewImporter) -> (artifact id: '2e697513f265ae44da0829ade53cac30') in 0.0516295 seconds
Number of updated asset objects reloaded before import = 0Number of asset objects unloaded after import = 6

========================================================================
Received Import Request.
  Time since last request: 0.000035 seconds.
  path: Assets/chaves/Keys/Materials/Key Simple 03.mat
  artifactKey: Guid(75af03ec127bc7d4fa1362ba074caa94) Importer(815301076,1909f56bfc062723c751e8b465ee728b)
Start importing Assets/chaves/Keys/Materials/Key Simple 03.mat using Guid(75af03ec127bc7d4fa1362ba074caa94) Importer(815301076,1909f56bfc062723c751e8b465ee728b) (PreviewImporter) -> (artifact id: '736ef14fd7f5e06492865b37d91c8a66') in 0.014968 seconds
Number of updated asset objects reloaded before import = 0Number of asset objects unloaded after import = 6

========================================================================
Received Import Request.
  Time since last request: 0.000030 seconds.
  path: Assets/chaves/Keys/Materials/Key Simple 03 Tag.mat
  artifactKey: Guid(2de1ba174d229224da502eff4e5cfc1c) Importer(815301076,1909f56bfc062723c751e8b465ee728b)
Start importing Assets/chaves/Keys/Materials/Key Simple 03 Tag.mat using Guid(2de1ba174d229224da502eff4e5cfc1c) Importer(815301076,1909f56bfc062723c751e8b465ee728b) (PreviewImporter) -> (artifact id: '6ba6ce12a40eb531ab9ebc6eb7a6842f') in 0.0231406 seconds
Number of updated asset objects reloaded before import = 0Number of asset objects unloaded after import = 6

========================================================================
Received Import Request.
  Time since last request: 2.136897 seconds.
  path: Assets/chaves/Keys/Models/Simple_02.fbx
  artifactKey: Guid(4def557500ba7364a9225f1167fc9bcf) Importer(815301076,1909f56bfc062723c751e8b465ee728b)
Start importing Assets/chaves/Keys/Models/Simple_02.fbx using Guid(4def557500ba7364a9225f1167fc9bcf) Importer(815301076,1909f56bfc062723c751e8b465ee728b) (PreviewImporter) -> (artifact id: 'e2b3ba00374aaa901e630bb7404623bc') in 0.0814273 seconds
Number of updated asset objects reloaded before import = 0Number of asset objects unloaded after import = 25

========================================================================
Received Import Request.
  Time since last request: 456.541461 seconds.
  path: Assets/lampadas/PBR Lamps Pack
  artifactKey: Guid(5b045d1c62c7d1847ad7acb0eca45e6c) Importer(815301076,1909f56bfc062723c751e8b465ee728b)
Start importing Assets/lampadas/PBR Lamps Pack using Guid(5b045d1c62c7d1847ad7acb0eca45e6c) Importer(815301076,1909f56bfc062723c751e8b465ee728b) (PreviewImporter) -> (artifact id: '31cdaafb57feae0cfa7179d7a4fa04a9') in 0.0006588 seconds
Number of updated asset objects reloaded before import = 0Number of asset objects unloaded after import = 0

========================================================================
Received Import Request.
  Time since last request: 11.311344 seconds.
  path: Assets/lampadas/PBR Lamps Pack/Classic fluorescent lamp
  artifactKey: Guid(23e074c181cfd67449902ccc0cb43ffd) Importer(815301076,1909f56bfc062723c751e8b465ee728b)
Start importing Assets/lampadas/PBR Lamps Pack/Classic fluorescent lamp using Guid(23e074c181cfd67449902ccc0cb43ffd) Importer(815301076,1909f56bfc062723c751e8b465ee728b) (PreviewImporter) -> (artifact id: 'de739cee0cc5a7ee7dc374f7f6fcdb4e') in 0.000388 seconds
Number of updated asset objects reloaded before import = 0Number of asset objects unloaded after import = 0

========================================================================
Received Import Request.
  Time since last request: 0.629684 seconds.
  path: Assets/lampadas/PBR Lamps Pack/Classic fluorescent lamp/Classic_fluorescent_lamp.fbx
  artifactKey: Guid(905ad21e346dbeb40ba8b17f8fad8179) Importer(815301076,1909f56bfc062723c751e8b465ee728b)
Start importing Assets/lampadas/PBR Lamps Pack/Classic fluorescent lamp/Classic_fluorescent_lamp.fbx using Guid(905ad21e346dbeb40ba8b17f8fad8179) Importer(815301076,1909f56bfc062723c751e8b465ee728b) (PreviewImporter) -> (artifact id: '4a59f528f9517d28d03c49c2b58e1e65') in 0.0395454 seconds
Number of updated asset objects reloaded before import = 0Number of asset objects unloaded after import = 13

========================================================================
Received Import Request.
  Time since last request: 1.761083 seconds.
  path: Assets/lampadas/PBR Lamps Pack/Classic fluorescent lamp/Maps (Specular) [Unity]
  artifactKey: Guid(f79f3150ecd586a4b9fe53e1fa1978c8) Importer(815301076,1909f56bfc062723c751e8b465ee728b)
Start importing Assets/lampadas/PBR Lamps Pack/Classic fluorescent lamp/Maps (Specular) [Unity] using Guid(f79f3150ecd586a4b9fe53e1fa1978c8) Importer(815301076,1909f56bfc062723c751e8b465ee728b) (PreviewImporter) -> (artifact id: 'b844f537ec2dd5bf12e022f4f17bbe2d') in 0.0010836 seconds
Number of updated asset objects reloaded before import = 0Number of asset objects unloaded after import = 0

========================================================================
Received Import Request.
  Time since last request: 0.053330 seconds.
  path: Assets/lampadas/PBR Lamps Pack/Classic fluorescent lamp/Maps (Specular) [Unity]/Classic_fluorescent_lamp_ao.png
  artifactKey: Guid(cb7129e850401ff4883848d74b83dcf8) Importer(815301076,1909f56bfc062723c751e8b465ee728b)
Start importing Assets/lampadas/PBR Lamps Pack/Classic fluorescent lamp/Maps (Specular) [Unity]/Classic_fluorescent_lamp_ao.png using Guid(cb7129e850401ff4883848d74b83dcf8) Importer(815301076,1909f56bfc062723c751e8b465ee728b) (PreviewImporter) -> (artifact id: '9e3974ecb0e2a2e5ea9b8fdbadca62d0') in 0.0245755 seconds
Number of updated asset objects reloaded before import = 0Number of asset objects unloaded after import = 2

========================================================================
Received Import Request.
  Time since last request: 0.000022 seconds.
  path: Assets/lampadas/PBR Lamps Pack/Classic fluorescent lamp/Maps (Specular) [Unity]/Classic_fluorescent_lamp_specular.png
  artifactKey: Guid(69d740b127532f04881ae924b3f77e58) Importer(815301076,1909f56bfc062723c751e8b465ee728b)
Start importing Assets/lampadas/PBR Lamps Pack/Classic fluorescent lamp/Maps (Specular) [Unity]/Classic_fluorescent_lamp_specular.png using Guid(69d740b127532f04881ae924b3f77e58) Importer(815301076,1909f56bfc062723c751e8b465ee728b) (PreviewImporter) -> (artifact id: 'cd7788ac77d4986471e7956d249a3227') in 0.0148556 seconds
Number of updated asset objects reloaded before import = 0Number of asset objects unloaded after import = 2

========================================================================
Received Import Request.
  Time since last request: 0.000029 seconds.
  path: Assets/lampadas/PBR Lamps Pack/Classic fluorescent lamp/Maps (Specular) [Unity]/Classic_fluorescent_lamp_normal.png
  artifactKey: Guid(c7086b8a69469434b89ba3ceed5ca4bd) Importer(815301076,1909f56bfc062723c751e8b465ee728b)
Start importing Assets/lampadas/PBR Lamps Pack/Classic fluorescent lamp/Maps (Specular) [Unity]/Classic_fluorescent_lamp_normal.png using Guid(c7086b8a69469434b89ba3ceed5ca4bd) Importer(815301076,1909f56bfc062723c751e8b465ee728b) (PreviewImporter) -> (artifact id: '1fc2cd0c5bbfd52b3c77398532fa608b') in 0.0417767 seconds
Number of updated asset objects reloaded before import = 0Number of asset objects unloaded after import = 2

========================================================================
Received Import Request.
  Time since last request: 3.833945 seconds.
  path: Assets/lampadas/PBR Lamps Pack/Example
  artifactKey: Guid(a16ac4d2c41ed3f449430f2689cd0398) Importer(815301076,1909f56bfc062723c751e8b465ee728b)
Start importing Assets/lampadas/PBR Lamps Pack/Example using Guid(a16ac4d2c41ed3f449430f2689cd0398) Importer(815301076,1909f56bfc062723c751e8b465ee728b) (PreviewImporter) -> (artifact id: '1b78722aa780231e0f28ce80b4889770') in 0.0013337 seconds
Number of updated asset objects reloaded before import = 0Number of asset objects unloaded after import = 0

========================================================================
Received Import Request.
  Time since last request: 0.137412 seconds.
  path: Assets/lampadas/PBR Lamps Pack/Example/M_Example.mat
  artifactKey: Guid(0232f20c434aa294aac49d4f9650de84) Importer(815301076,1909f56bfc062723c751e8b465ee728b)
Start importing Assets/lampadas/PBR Lamps Pack/Example/M_Example.mat using Guid(0232f20c434aa294aac49d4f9650de84) Importer(815301076,1909f56bfc062723c751e8b465ee728b) (PreviewImporter) -> (artifact id: 'fb348cf845b33177ba78270cb1d8de51') in 0.0147568 seconds
Number of updated asset objects reloaded before import = 0Number of asset objects unloaded after import = 1

========================================================================
Received Import Request.
  Time since last request: 4.036360 seconds.
  path: Assets/lampadas/PBR Lamps Pack/Large round lamp
  artifactKey: Guid(2b662a91e6cd5e74cab68a44660bfdcd) Importer(815301076,1909f56bfc062723c751e8b465ee728b)
Start importing Assets/lampadas/PBR Lamps Pack/Large round lamp using Guid(2b662a91e6cd5e74cab68a44660bfdcd) Importer(815301076,1909f56bfc062723c751e8b465ee728b) (PreviewImporter) -> (artifact id: '242a3e01e0b7695f81fb7ebe4493d4ad') in 0.0004053 seconds
Number of updated asset objects reloaded before import = 0Number of asset objects unloaded after import = 0

========================================================================
Received Import Request.
  Time since last request: 0.098288 seconds.
  path: Assets/lampadas/PBR Lamps Pack/Large round lamp/Large_round_lamp.FBX
  artifactKey: Guid(1e52035628344394687b7f7018d53968) Importer(815301076,1909f56bfc062723c751e8b465ee728b)
Start importing Assets/lampadas/PBR Lamps Pack/Large round lamp/Large_round_lamp.FBX using Guid(1e52035628344394687b7f7018d53968) Importer(815301076,1909f56bfc062723c751e8b465ee728b) (PreviewImporter) -> (artifact id: 'fbdc489130747a5d2bf339a3ac7b3711') in 0.1296559 seconds
Number of updated asset objects reloaded before import = 0Number of asset objects unloaded after import = 13

========================================================================
Received Import Request.
  Time since last request: 5.803052 seconds.
  path: Assets/lampadas/PBR Lamps Pack/Large round lamp/Materials
  artifactKey: Guid(f8fac8a0dbc2460428ccebdb6ed9aa08) Importer(815301076,1909f56bfc062723c751e8b465ee728b)
Start importing Assets/lampadas/PBR Lamps Pack/Large round lamp/Materials using Guid(f8fac8a0dbc2460428ccebdb6ed9aa08) Importer(815301076,1909f56bfc062723c751e8b465ee728b) (PreviewImporter) -> (artifact id: 'b060b661fda31a59d6d081fe3c23602a') in 0.0020932 seconds
Number of updated asset objects reloaded before import = 0Number of asset objects unloaded after import = 0

========================================================================
Received Import Request.
  Time since last request: 0.457313 seconds.
  path: Assets/lampadas/PBR Lamps Pack/Large round lamp/Maps (Specular) [Unity]
  artifactKey: Guid(14c1513633bb5f84fa2d2fe0c3168940) Importer(815301076,1909f56bfc062723c751e8b465ee728b)
Start importing Assets/lampadas/PBR Lamps Pack/Large round lamp/Maps (Specular) [Unity] using Guid(14c1513633bb5f84fa2d2fe0c3168940) Importer(815301076,1909f56bfc062723c751e8b465ee728b) (PreviewImporter) -> (artifact id: '5a00e2d2fe68c3c9294d369f53be277e') in 0.0003856 seconds
Number of updated asset objects reloaded before import = 0Number of asset objects unloaded after import = 0

========================================================================
Received Import Request.
  Time since last request: 2.916275 seconds.
  path: Assets/lampadas/PBR Lamps Pack/Prefabs
  artifactKey: Guid(20b97daf95d20ef44a2e33742038623b) Importer(815301076,1909f56bfc062723c751e8b465ee728b)
Start importing Assets/lampadas/PBR Lamps Pack/Prefabs using Guid(20b97daf95d20ef44a2e33742038623b) Importer(815301076,1909f56bfc062723c751e8b465ee728b) (PreviewImporter) -> (artifact id: '639278c4ab1120bbde5ed79493d57d0b') in 0.0003814 seconds
Number of updated asset objects reloaded before import = 0Number of asset objects unloaded after import = 0

========================================================================
Received Import Request.
  Time since last request: 0.176061 seconds.
  path: Assets/lampadas/PBR Lamps Pack/Prefabs/Classic_fluorescent_lamp.prefab
  artifactKey: Guid(08ee4c811cfe44445b6206d8638b0d72) Importer(815301076,1909f56bfc062723c751e8b465ee728b)
Start importing Assets/lampadas/PBR Lamps Pack/Prefabs/Classic_fluorescent_lamp.prefab using Guid(08ee4c811cfe44445b6206d8638b0d72) Importer(815301076,1909f56bfc062723c751e8b465ee728b) (PreviewImporter) -> (artifact id: '93dfcabecffe06a4140bc1bdd617340c') in 0.0470206 seconds
Number of updated asset objects reloaded before import = 0Number of asset objects unloaded after import = 13

========================================================================
Received Import Request.
  Time since last request: 27.384932 seconds.
  path: Assets/lampadas/PBR Lamps Pack/Classic fluorescent lamp/Materials
  artifactKey: Guid(efad07316b3477344af01146cb3cd551) Importer(815301076,1909f56bfc062723c751e8b465ee728b)
Start importing Assets/lampadas/PBR Lamps Pack/Classic fluorescent lamp/Materials using Guid(efad07316b3477344af01146cb3cd551) Importer(815301076,1909f56bfc062723c751e8b465ee728b) (PreviewImporter) -> (artifact id: '42314879b3a87cf1b78f43b0887c5dfe') in 0.0025207 seconds
Number of updated asset objects reloaded before import = 0Number of asset objects unloaded after import = 0

========================================================================
Received Import Request.
  Time since last request: 0.220867 seconds.
  path: Assets/lampadas/PBR Lamps Pack/Classic fluorescent lamp/Materials/Classic_fluorescent_lamp.mat
  artifactKey: Guid(4e14eac951f545644938183de43cf283) Importer(815301076,1909f56bfc062723c751e8b465ee728b)
Start importing Assets/lampadas/PBR Lamps Pack/Classic fluorescent lamp/Materials/Classic_fluorescent_lamp.mat using Guid(4e14eac951f545644938183de43cf283) Importer(815301076,1909f56bfc062723c751e8b465ee728b) (PreviewImporter) -> (artifact id: '1735a1ba38758220226f6b82ae9d62ab') in 0.0798267 seconds
Number of updated asset objects reloaded before import = 0Number of asset objects unloaded after import = 6

========================================================================
Received Import Request.
  Time since last request: 5.704163 seconds.
  path: Assets/lampadas/PBR Lamps Pack/Small roof lamp
  artifactKey: Guid(ca1cf72c4d041dc4aba5fdaa26972b89) Importer(815301076,1909f56bfc062723c751e8b465ee728b)
Start importing Assets/lampadas/PBR Lamps Pack/Small roof lamp using Guid(ca1cf72c4d041dc4aba5fdaa26972b89) Importer(815301076,1909f56bfc062723c751e8b465ee728b) (PreviewImporter) -> (artifact id: 'f31163526fc0e080e91fe807672883e0') in 0.0018931 seconds
Number of updated asset objects reloaded before import = 0Number of asset objects unloaded after import = 0

========================================================================
Received Import Request.
  Time since last request: 0.103690 seconds.
  path: Assets/lampadas/PBR Lamps Pack/Small roof lamp/Small_roof_lamp.FBX
  artifactKey: Guid(c861df88878a8ca4f93e4b8ee0824f07) Importer(815301076,1909f56bfc062723c751e8b465ee728b)
Start importing Assets/lampadas/PBR Lamps Pack/Small roof lamp/Small_roof_lamp.FBX using Guid(c861df88878a8ca4f93e4b8ee0824f07) Importer(815301076,1909f56bfc062723c751e8b465ee728b) (PreviewImporter) -> (artifact id: 'ac7c978144b134049d4751f50cba01a8') in 0.1398588 seconds
Number of updated asset objects reloaded before import = 0Number of asset objects unloaded after import = 13

========================================================================
Received Import Request.
  Time since last request: 10.889362 seconds.
  path: Assets/lampadas/PBR Lamps Pack/Large round lamp/Maps (Specular) [Unity]/Clean
  artifactKey: Guid(0f66b36d2ba698949b183492c9e87be7) Importer(815301076,1909f56bfc062723c751e8b465ee728b)
Start importing Assets/lampadas/PBR Lamps Pack/Large round lamp/Maps (Specular) [Unity]/Clean using Guid(0f66b36d2ba698949b183492c9e87be7) Importer(815301076,1909f56bfc062723c751e8b465ee728b) (PreviewImporter) -> (artifact id: '9e68b01ab51385dcb6188dd0b92b1b05') in 0.002338 seconds
Number of updated asset objects reloaded before import = 0Number of asset objects unloaded after import = 0

========================================================================
Received Import Request.
  Time since last request: 1.036056 seconds.
  path: Assets/lampadas/PBR Lamps Pack/Large round lamp/Maps (Specular) [Unity]/Scratched
  artifactKey: Guid(181ff9d9ada86db4fb78cc976c69284d) Importer(815301076,1909f56bfc062723c751e8b465ee728b)
Start importing Assets/lampadas/PBR Lamps Pack/Large round lamp/Maps (Specular) [Unity]/Scratched using Guid(181ff9d9ada86db4fb78cc976c69284d) Importer(815301076,1909f56bfc062723c751e8b465ee728b) (PreviewImporter) -> (artifact id: '2c53dd7a2a885ca76f6b1b33dafadd76') in 0.0003862 seconds
Number of updated asset objects reloaded before import = 0Number of asset objects unloaded after import = 0

========================================================================
Received Import Request.
  Time since last request: 154.839064 seconds.
  path: Assets/lampadas/PBR Lamps Pack/Classic fluorescent lamp/Maps (Specular) [Unity]/lampada textura.mat
  artifactKey: Guid(a7d434881733ff54eb115ab9a1cdac97) Importer(815301076,1909f56bfc062723c751e8b465ee728b)
Start importing Assets/lampadas/PBR Lamps Pack/Classic fluorescent lamp/Maps (Specular) [Unity]/lampada textura.mat using Guid(a7d434881733ff54eb115ab9a1cdac97) Importer(815301076,1909f56bfc062723c751e8b465ee728b) (PreviewImporter) -> (artifact id: 'b1ed6b16f3c4a1cfbc7a2b9c579adcdd') in 0.0792162 seconds
Number of updated asset objects reloaded before import = 0Number of asset objects unloaded after import = 1

========================================================================
Received Import Request.
  Time since last request: 214.802174 seconds.
  path: Assets/lampadas/PBR Lamps Pack/Large round lamp/Maps (Specular) [Unity]/Clean/Large_round_lamp_ao.png
  artifactKey: Guid(c1a0c67554b82f54dbfd9d25bab66efd) Importer(815301076,1909f56bfc062723c751e8b465ee728b)
Start importing Assets/lampadas/PBR Lamps Pack/Large round lamp/Maps (Specular) [Unity]/Clean/Large_round_lamp_ao.png using Guid(c1a0c67554b82f54dbfd9d25bab66efd) Importer(815301076,1909f56bfc062723c751e8b465ee728b) (PreviewImporter) -> (artifact id: '6e6d7af99ca0eea9a0907d2d733a5bbd') in 0.0367467 seconds
Number of updated asset objects reloaded before import = 0Number of asset objects unloaded after import = 2

========================================================================
Received Import Request.
  Time since last request: 0.000041 seconds.
  path: Assets/lampadas/PBR Lamps Pack/Large round lamp/Maps (Specular) [Unity]/Clean/Large_round_lamp_specular.png
  artifactKey: Guid(efcbac5f6554b8e40ba64d70e04d1e20) Importer(815301076,1909f56bfc062723c751e8b465ee728b)
Start importing Assets/lampadas/PBR Lamps Pack/Large round lamp/Maps (Specular) [Unity]/Clean/Large_round_lamp_specular.png using Guid(efcbac5f6554b8e40ba64d70e04d1e20) Importer(815301076,1909f56bfc062723c751e8b465ee728b) (PreviewImporter) -> (artifact id: 'aba173b4eb21cdcded165e53d726ee0f') in 0.0248865 seconds
Number of updated asset objects reloaded before import = 0Number of asset objects unloaded after import = 2

========================================================================
Received Import Request.
  Time since last request: 0.000033 seconds.
  path: Assets/lampadas/PBR Lamps Pack/Large round lamp/Maps (Specular) [Unity]/Clean/Large_round_lamp_emissive.png
  artifactKey: Guid(8b047cc7b7e48aa4cbf02bb586d2a9b5) Importer(815301076,1909f56bfc062723c751e8b465ee728b)
Start importing Assets/lampadas/PBR Lamps Pack/Large round lamp/Maps (Specular) [Unity]/Clean/Large_round_lamp_emissive.png using Guid(8b047cc7b7e48aa4cbf02bb586d2a9b5) Importer(815301076,1909f56bfc062723c751e8b465ee728b) (PreviewImporter) -> (artifact id: 'b20553d2f77e6b5b685852be1b69f893') in 0.0265119 seconds
Number of updated asset objects reloaded before import = 0Number of asset objects unloaded after import = 2

========================================================================
Received Import Request.
  Time since last request: 12.218550 seconds.
  path: Assets/lampadas/PBR Lamps Pack/Large round lamp/Maps (Specular) [Unity]/Clean/lampada2 textura.mat
  artifactKey: Guid(961b417ddfc6c3e4db87b412a06ba149) Importer(815301076,1909f56bfc062723c751e8b465ee728b)
Start importing Assets/lampadas/PBR Lamps Pack/Large round lamp/Maps (Specular) [Unity]/Clean/lampada2 textura.mat using Guid(961b417ddfc6c3e4db87b412a06ba149) Importer(815301076,1909f56bfc062723c751e8b465ee728b) (PreviewImporter) -> (artifact id: '77364ae755e33fd860476d3ec148cecd') in 0.0308165 seconds
Number of updated asset objects reloaded before import = 0Number of asset objects unloaded after import = 1

========================================================================
Received Import Request.
  Time since last request: 2315.300644 seconds.
  path: Assets/chaves/Keys/Models
  artifactKey: Guid(c7162ca99bfbfaf46b49aef99fb2293f) Importer(815301076,1909f56bfc062723c751e8b465ee728b)
Start importing Assets/chaves/Keys/Models using Guid(c7162ca99bfbfaf46b49aef99fb2293f) Importer(815301076,1909f56bfc062723c751e8b465ee728b) (PreviewImporter) -> (artifact id: '04acba6416c57a0e9f39980c7c4e3bb8') in 0.0006942 seconds
Number of updated asset objects reloaded before import = 0Number of asset objects unloaded after import = 0

========================================================================
Received Import Request.
  Time since last request: 69.352510 seconds.
  path: Assets/chaves/Keys/Prefabs/Simple_02.prefab
  artifactKey: Guid(5dd5a1ab6047d4848b7668734815016f) Importer(815301076,1909f56bfc062723c751e8b465ee728b)
Start importing Assets/chaves/Keys/Prefabs/Simple_02.prefab using Guid(5dd5a1ab6047d4848b7668734815016f) Importer(815301076,1909f56bfc062723c751e8b465ee728b) (PreviewImporter) -> (artifact id: '5d02f415e4ea87553f558d9dce3b130c') in 0.1587738 seconds
Number of updated asset objects reloaded before import = 0Number of asset objects unloaded after import = 60

========================================================================
Received Import Request.
  Time since last request: 6.466164 seconds.
  path: Assets/chaves/Keys/Textures/Simple Key 02
  artifactKey: Guid(975fac9f42910274297bd0488a906fff) Importer(815301076,1909f56bfc062723c751e8b465ee728b)
Start importing Assets/chaves/Keys/Textures/Simple Key 02 using Guid(975fac9f42910274297bd0488a906fff) Importer(815301076,1909f56bfc062723c751e8b465ee728b) (PreviewImporter) -> (artifact id: '82fc8b0bfb5b8fe3045aae7e74cdd792') in 0.0023646 seconds
Number of updated asset objects reloaded before import = 0Number of asset objects unloaded after import = 0

========================================================================
Received Import Request.
  Time since last request: 0.112700 seconds.
  path: Assets/chaves/Keys/Textures/Simple Key 02/Simple Key 02_Eyelets_BaseColor.png
  artifactKey: Guid(d1158f58a12ef8c40be55a825dbde85a) Importer(815301076,1909f56bfc062723c751e8b465ee728b)
Start importing Assets/chaves/Keys/Textures/Simple Key 02/Simple Key 02_Eyelets_BaseColor.png using Guid(d1158f58a12ef8c40be55a825dbde85a) Importer(815301076,1909f56bfc062723c751e8b465ee728b) (PreviewImporter) -> (artifact id: '2512106b95dfe15bd15aef55b761d9ca') in 0.0235536 seconds
Number of updated asset objects reloaded before import = 0Number of asset objects unloaded after import = 2

========================================================================
Received Import Request.
  Time since last request: 0.000024 seconds.
  path: Assets/chaves/Keys/Textures/Simple Key 02/Simple Key 02_Key_Roughness.png
  artifactKey: Guid(fa63c1b4070f2d04ca813a3d08971bf9) Importer(815301076,1909f56bfc062723c751e8b465ee728b)
Start importing Assets/chaves/Keys/Textures/Simple Key 02/Simple Key 02_Key_Roughness.png using Guid(fa63c1b4070f2d04ca813a3d08971bf9) Importer(815301076,1909f56bfc062723c751e8b465ee728b) (PreviewImporter) -> (artifact id: '4aaf9b4ef166e0d85256fc5189622ec1') in 0.0354644 seconds
Number of updated asset objects reloaded before import = 0Number of asset objects unloaded after import = 2

========================================================================
Received Import Request.
  Time since last request: 0.000029 seconds.
  path: Assets/chaves/Keys/Textures/Simple Key 02/Simple Key 02_Eyelets_Roughness.png
  artifactKey: Guid(c81f3551773cf5f47aa3b5ee3da0426b) Importer(815301076,1909f56bfc062723c751e8b465ee728b)
Start importing Assets/chaves/Keys/Textures/Simple Key 02/Simple Key 02_Eyelets_Roughness.png using Guid(c81f3551773cf5f47aa3b5ee3da0426b) Importer(815301076,1909f56bfc062723c751e8b465ee728b) (PreviewImporter) -> (artifact id: '4080eba58a0e0d0dfdf55de8a61a4a71') in 0.0200255 seconds
Number of updated asset objects reloaded before import = 0Number of asset objects unloaded after import = 2

========================================================================
Received Import Request.
  Time since last request: 0.000024 seconds.
  path: Assets/chaves/Keys/Textures/Simple Key 02/Simple Key 02_Tag_Normal.png
  artifactKey: Guid(aff70c7b5e89ac943a86e35e0e7fc501) Importer(815301076,1909f56bfc062723c751e8b465ee728b)
Start importing Assets/chaves/Keys/Textures/Simple Key 02/Simple Key 02_Tag_Normal.png using Guid(aff70c7b5e89ac943a86e35e0e7fc501) Importer(815301076,1909f56bfc062723c751e8b465ee728b) (PreviewImporter) -> (artifact id: 'e325af5e3d21b184068422f4e7684c4d') in 0.0192091 seconds
Number of updated asset objects reloaded before import = 0Number of asset objects unloaded after import = 2

========================================================================
Received Import Request.
  Time since last request: 0.000022 seconds.
  path: Assets/chaves/Keys/Textures/Simple Key 02/Simple Key 02_Key_Height.png
  artifactKey: Guid(fd8cab00f466ece46be57e1f9010102f) Importer(815301076,1909f56bfc062723c751e8b465ee728b)
Start importing Assets/chaves/Keys/Textures/Simple Key 02/Simple Key 02_Key_Height.png using Guid(fd8cab00f466ece46be57e1f9010102f) Importer(815301076,1909f56bfc062723c751e8b465ee728b) (PreviewImporter) -> (artifact id: '30f2f77df27e0d76460e49ce182447b5') in 0.0170753 seconds
Number of updated asset objects reloaded before import = 0Number of asset objects unloaded after import = 2

========================================================================
Received Import Request.
  Time since last request: 0.000029 seconds.
  path: Assets/chaves/Keys/Textures/Simple Key 02/Simple Key 02_Tag_Height.png
  artifactKey: Guid(b6dde13ad1af7d34bbb2f31b664a0fbc) Importer(815301076,1909f56bfc062723c751e8b465ee728b)
Start importing Assets/chaves/Keys/Textures/Simple Key 02/Simple Key 02_Tag_Height.png using Guid(b6dde13ad1af7d34bbb2f31b664a0fbc) Importer(815301076,1909f56bfc062723c751e8b465ee728b) (PreviewImporter) -> (artifact id: 'f1de79c5127c159be62cd0d3e8fa1557') in 0.0195423 seconds
Number of updated asset objects reloaded before import = 0Number of asset objects unloaded after import = 2

========================================================================
Received Import Request.
  Time since last request: 0.000036 seconds.
  path: Assets/chaves/Keys/Textures/Simple Key 02/Simple Key 02_Tag_Metallic.png
  artifactKey: Guid(1181abd9bfb87404f81e212207038262) Importer(815301076,1909f56bfc062723c751e8b465ee728b)
Start importing Assets/chaves/Keys/Textures/Simple Key 02/Simple Key 02_Tag_Metallic.png using Guid(1181abd9bfb87404f81e212207038262) Importer(815301076,1909f56bfc062723c751e8b465ee728b) (PreviewImporter) -> (artifact id: '1f09ab40d65b2f37f227e6f56837fb57') in 0.1576174 seconds
Number of updated asset objects reloaded before import = 0Number of asset objects unloaded after import = 2

========================================================================
Received Import Request.
  Time since last request: 0.000030 seconds.
  path: Assets/chaves/Keys/Textures/Simple Key 02/Simple Key 02_Key_BaseColor.png
  artifactKey: Guid(83cccc2ec954f974782e48c55bf86ec0) Importer(815301076,1909f56bfc062723c751e8b465ee728b)
Start importing Assets/chaves/Keys/Textures/Simple Key 02/Simple Key 02_Key_BaseColor.png using Guid(83cccc2ec954f974782e48c55bf86ec0) Importer(815301076,1909f56bfc062723c751e8b465ee728b) (PreviewImporter) -> (artifact id: 'a047c74f68faae463053ded1f13e4ba0') in 0.3360018 seconds
Number of updated asset objects reloaded before import = 0Number of asset objects unloaded after import = 2

========================================================================
Received Import Request.
  Time since last request: 7.054390 seconds.
  path: Assets/chaves/Keys/Textures/Simple Key 01/Simple Key 01_Eyelets_BaseColor.png
  artifactKey: Guid(32595f436fb88764f945e0cd9d037dc3) Importer(815301076,1909f56bfc062723c751e8b465ee728b)
Start importing Assets/chaves/Keys/Textures/Simple Key 01/Simple Key 01_Eyelets_BaseColor.png using Guid(32595f436fb88764f945e0cd9d037dc3) Importer(815301076,1909f56bfc062723c751e8b465ee728b) (PreviewImporter) -> (artifact id: '8fd94b403b7dae7bd3058330c6908f92') in 0.0506375 seconds
Number of updated asset objects reloaded before import = 0Number of asset objects unloaded after import = 2

========================================================================
Received Import Request.
  Time since last request: 0.000026 seconds.
  path: Assets/chaves/Keys/Textures/Simple Key 01/Simple Key 01_Key_BaseColor.png
  artifactKey: Guid(a42d12ac0bba8c4438fd2049d9dbdd22) Importer(815301076,1909f56bfc062723c751e8b465ee728b)
Start importing Assets/chaves/Keys/Textures/Simple Key 01/Simple Key 01_Key_BaseColor.png using Guid(a42d12ac0bba8c4438fd2049d9dbdd22) Importer(815301076,1909f56bfc062723c751e8b465ee728b) (PreviewImporter) -> (artifact id: '00d7d44226a26d8420f54bba07c65117') in 0.0565828 seconds
Number of updated asset objects reloaded before import = 0Number of asset objects unloaded after import = 2

========================================================================
Received Import Request.
  Time since last request: 0.000031 seconds.
  path: Assets/chaves/Keys/Textures/Simple Key 01/Simple Key 01_Tag_Metallic.png
  artifactKey: Guid(3ed0753c7a9520c4cae4b9cb8fa2d6ed) Importer(815301076,1909f56bfc062723c751e8b465ee728b)
Start importing Assets/chaves/Keys/Textures/Simple Key 01/Simple Key 01_Tag_Metallic.png using Guid(3ed0753c7a9520c4cae4b9cb8fa2d6ed) Importer(815301076,1909f56bfc062723c751e8b465ee728b) (PreviewImporter) -> (artifact id: '8cf42b06cda28d680dca4c129391ec6a') in 0.0447887 seconds
Number of updated asset objects reloaded before import = 0Number of asset objects unloaded after import = 2

========================================================================
Received Import Request.
  Time since last request: 0.000020 seconds.
  path: Assets/chaves/Keys/Textures/Simple Key 01/Simple Key 01_Tag_Height.png
  artifactKey: Guid(dbb16c83200673e4b9ca1626e9087c8c) Importer(815301076,1909f56bfc062723c751e8b465ee728b)
Start importing Assets/chaves/Keys/Textures/Simple Key 01/Simple Key 01_Tag_Height.png using Guid(dbb16c83200673e4b9ca1626e9087c8c) Importer(815301076,1909f56bfc062723c751e8b465ee728b) (PreviewImporter) -> (artifact id: '2106971e2b5323e0a6d8f7127ff4123d') in 0.054705 seconds
Number of updated asset objects reloaded before import = 0Number of asset objects unloaded after import = 2

========================================================================
Received Import Request.
  Time since last request: 24.949750 seconds.
  path: Assets/chaves/Keys/Textures/Simple Key 02/chave cozinha.mat
  artifactKey: Guid(c3ad89085e7601b4486d2410882dba75) Importer(815301076,1909f56bfc062723c751e8b465ee728b)
Start importing Assets/chaves/Keys/Textures/Simple Key 02/chave cozinha.mat using Guid(c3ad89085e7601b4486d2410882dba75) Importer(815301076,1909f56bfc062723c751e8b465ee728b) (PreviewImporter) -> (artifact id: 'f1121626a926710f93c5ce5403beabdf') in 0.1744236 seconds
Number of updated asset objects reloaded before import = 0Number of asset objects unloaded after import = 1

========================================================================
Received Import Request.
  Time since last request: 28.338153 seconds.
  path: Assets/chaves/Keys/Textures/Simple Key 01
  artifactKey: Guid(2bbeb73a65c20d74bbbfb53d0674c70e) Importer(815301076,1909f56bfc062723c751e8b465ee728b)
Start importing Assets/chaves/Keys/Textures/Simple Key 01 using Guid(2bbeb73a65c20d74bbbfb53d0674c70e) Importer(815301076,1909f56bfc062723c751e8b465ee728b) (PreviewImporter) -> (artifact id: '27284ef6b73f5c03e3d87c89248aeb48') in 0.0005188 seconds
Number of updated asset objects reloaded before import = 0Number of asset objects unloaded after import = 0

========================================================================
Received Import Request.
  Time since last request: 130.424388 seconds.
  path: Assets/chaves/Keys/Textures/Simple Key 01/chave zelador.mat
  artifactKey: Guid(03b04fc43e8a0e0479b50fde8191f72c) Importer(815301076,1909f56bfc062723c751e8b465ee728b)
Start importing Assets/chaves/Keys/Textures/Simple Key 01/chave zelador.mat using Guid(03b04fc43e8a0e0479b50fde8191f72c) Importer(815301076,1909f56bfc062723c751e8b465ee728b) (PreviewImporter) -> (artifact id: '6db53567507acdeca139821f614f4256') in 0.0710391 seconds
Number of updated asset objects reloaded before import = 0Number of asset objects unloaded after import = 1

========================================================================
Received Prepare
Begin MonoManager ReloadAssembly
Leak Detected : Persistent allocates 8 individual allocations. To find out more please enable 'Preferences > Jobs > Leak Detection Level > Enabled With Stack Trace' and reproduce the leak again.
- Loaded All Assemblies, in  0.834 seconds
'Packages/com.unity.render-pipelines.high-definition/Editor/Wizard/HDWizard.UIElement.cs' contains partial class of Unity.Object, exactly 1 of the partial classes needs to be in a file with the same filename. This is to know the one that can be referenced from ie. GameObjects
'Packages/com.unity.render-pipelines.high-definition/Editor/Wizard/HDWizard.Configuration.cs' contains partial class of Unity.Object, exactly 1 of the partial classes needs to be in a file with the same filename. This is to know the one that can be referenced from ie. GameObjects
'Packages/com.unity.render-pipelines.high-definition/Editor/Wizard/HDWizard.Window.cs' contains partial class of Unity.Object, exactly 1 of the partial classes needs to be in a file with the same filename. This is to know the one that can be referenced from ie. GameObjects
Refreshing native plugins compatible for Editor in 0.59 ms, found 3 plugins.
Native extension for iOS target not found
Native extension for Android target not found
Native extension for WindowsStandalone target not found
Mono: successfully reloaded assembly
- Finished resetting the current domain, in  0.558 seconds
Domain Reload Profiling: 1396ms
	BeginReloadAssembly (388ms)
		ExecutionOrderSort (1ms)
		DisableScriptedObjects (78ms)
		BackupInstance (0ms)
		ReleaseScriptingObjects (0ms)
		CreateAndSetChildDomain (125ms)
	RebuildCommonClasses (25ms)
	RebuildNativeTypeToScriptingClass (9ms)
	initialDomainReloadingComplete (23ms)
	LoadAllAssembliesAndSetupDomain (392ms)
		LoadAssemblies (295ms)
		RebuildTransferFunctionScriptingTraits (0ms)
		AnalyzeDomain (186ms)
			TypeCache.Refresh (10ms)
				TypeCache.ScanAssembly (0ms)
			BuildScriptInfoCaches (161ms)
			ResolveRequiredComponents (8ms)
	FinalizeReload (559ms)
		ReleaseScriptCaches (0ms)
		RebuildScriptCaches (0ms)
		SetupLoadedEditorAssemblies (355ms)
			LogAssemblyErrors (0ms)
			InitializePlatformSupportModulesInManaged (10ms)
			SetLoadedEditorAssemblies (4ms)
			BeforeProcessingInitializeOnLoad (70ms)
			ProcessInitializeOnLoadAttributes (226ms)
			ProcessInitializeOnLoadMethodAttributes (44ms)
			AfterProcessingInitializeOnLoad (1ms)
			EditorAssembliesLoaded (0ms)
		ExecutionOrderSort2 (0ms)
		AwakeInstancesAfterBackupRestoration (10ms)
Refreshing native plugins compatible for Editor in 0.46 ms, found 3 plugins.
Preloading 0 native plugins for Editor in 0.00 ms.
Unloading 32 Unused Serialized files (Serialized files now loaded: 0)
Unloading 6753 unused Assets / (5.5 MB). Loaded Objects now: 7822.
Memory consumption went from 230.4 MB to 224.9 MB.
Total: 6.862300 ms (FindLiveObjects: 0.490400 ms CreateObjectMapping: 0.586800 ms MarkObjects: 3.613200 ms  DeleteObjects: 2.170800 ms)

Prepare: number of updated asset objects reloaded= 0
========================================================================
Received Import Request.
  Time since last request: 306.599614 seconds.
  path: Assets/Blood decal pack/blood
  artifactKey: Guid(9faae3f48e971d942ae07907f0e07b2c) Importer(815301076,1909f56bfc062723c751e8b465ee728b)
Start importing Assets/Blood decal pack/blood using Guid(9faae3f48e971d942ae07907f0e07b2c) Importer(815301076,1909f56bfc062723c751e8b465ee728b) (PreviewImporter) -> (artifact id: '0e0e3dd407b738452fe5e837e73ce570') in 0.0051063 seconds
Number of updated asset objects reloaded before import = 0Number of asset objects unloaded after import = 0

========================================================================
Received Import Request.
  Time since last request: 0.016826 seconds.
  path: Assets/Blood decal pack/blood/blood.tif
  artifactKey: Guid(493e3d4c4724c804f8bbebe749c9ff77) Importer(815301076,1909f56bfc062723c751e8b465ee728b)
Start importing Assets/Blood decal pack/blood/blood.tif using Guid(493e3d4c4724c804f8bbebe749c9ff77) Importer(815301076,1909f56bfc062723c751e8b465ee728b) (PreviewImporter) -> (artifact id: '05b8cd83226e5e497e69a71c82c68dc7') in 0.0789149 seconds
Number of updated asset objects reloaded before import = 0Number of asset objects unloaded after import = 2

========================================================================
Received Import Request.
  Time since last request: 0.000016 seconds.
  path: Assets/Blood decal pack/blood/blood4.tif
  artifactKey: Guid(6016dd71388801a4ca4591af47627618) Importer(815301076,1909f56bfc062723c751e8b465ee728b)
Start importing Assets/Blood decal pack/blood/blood4.tif using Guid(6016dd71388801a4ca4591af47627618) Importer(815301076,1909f56bfc062723c751e8b465ee728b) (PreviewImporter) -> (artifact id: '440932129af111f0448c4d5e37dd8c82') in 0.0282677 seconds
Number of updated asset objects reloaded before import = 0Number of asset objects unloaded after import = 2

========================================================================
Received Import Request.
  Time since last request: 0.000022 seconds.
  path: Assets/Blood decal pack/blood/blood6.tif
  artifactKey: Guid(5e7327cab4c8de24696ab0ad11955926) Importer(815301076,1909f56bfc062723c751e8b465ee728b)
Start importing Assets/Blood decal pack/blood/blood6.tif using Guid(5e7327cab4c8de24696ab0ad11955926) Importer(815301076,1909f56bfc062723c751e8b465ee728b) (PreviewImporter) -> (artifact id: '16a3ff07c99d3304be952d2e48e9c416') in 0.015585 seconds
Number of updated asset objects reloaded before import = 0Number of asset objects unloaded after import = 2

========================================================================
Received Import Request.
  Time since last request: 0.000017 seconds.
  path: Assets/Blood decal pack/blood/blood2.tif
  artifactKey: Guid(57d2109c3c949be489f1be7e1606777c) Importer(815301076,1909f56bfc062723c751e8b465ee728b)
Start importing Assets/Blood decal pack/blood/blood2.tif using Guid(57d2109c3c949be489f1be7e1606777c) Importer(815301076,1909f56bfc062723c751e8b465ee728b) (PreviewImporter) -> (artifact id: '0483b592bbc8b1595b5aa23c0862863e') in 0.0227115 seconds
Number of updated asset objects reloaded before import = 0Number of asset objects unloaded after import = 2

========================================================================
Received Import Request.
  Time since last request: 4.287852 seconds.
  path: Assets/Blood decal pack/blood/Materials
  artifactKey: Guid(f2fed16831e8a7c4da58fd74f5848785) Importer(815301076,1909f56bfc062723c751e8b465ee728b)
Start importing Assets/Blood decal pack/blood/Materials using Guid(f2fed16831e8a7c4da58fd74f5848785) Importer(815301076,1909f56bfc062723c751e8b465ee728b) (PreviewImporter) -> (artifact id: 'b27ff9e458d3c13f28e3c0028c34eeeb') in 0.0009094 seconds
Number of updated asset objects reloaded before import = 0Number of asset objects unloaded after import = 0

========================================================================
Received Import Request.
  Time since last request: 0.000038 seconds.
  path: Assets/Blood decal pack/blood/Materials/blood.mat
  artifactKey: Guid(70062ce0abc87524aac73486097c6d74) Importer(815301076,1909f56bfc062723c751e8b465ee728b)
Start importing Assets/Blood decal pack/blood/Materials/blood.mat using Guid(70062ce0abc87524aac73486097c6d74) Importer(815301076,1909f56bfc062723c751e8b465ee728b) (PreviewImporter) -> (artifact id: '162ad88eb49ee1cb49ae8d6fe3935ed1') in 0.7319201 seconds
Number of updated asset objects reloaded before import = 0Number of asset objects unloaded after import = 3

========================================================================
Received Import Request.
  Time since last request: 0.000024 seconds.
  path: Assets/Blood decal pack/blood/Materials/blood5.mat
  artifactKey: Guid(5a4f9a5bed438cf4fb17835af3933468) Importer(815301076,1909f56bfc062723c751e8b465ee728b)
Start importing Assets/Blood decal pack/blood/Materials/blood5.mat using Guid(5a4f9a5bed438cf4fb17835af3933468) Importer(815301076,1909f56bfc062723c751e8b465ee728b) (PreviewImporter) -> (artifact id: '5f9366f5b47c3656953a4e3d3bdbb4e3') in 0.0121595 seconds
Number of updated asset objects reloaded before import = 0Number of asset objects unloaded after import = 2

========================================================================
Received Import Request.
  Time since last request: 0.000040 seconds.
  path: Assets/Blood decal pack/blood/Materials/blood4.mat
  artifactKey: Guid(2fbd43daba913ec4d9683d53fee38fa4) Importer(815301076,1909f56bfc062723c751e8b465ee728b)
Start importing Assets/Blood decal pack/blood/Materials/blood4.mat using Guid(2fbd43daba913ec4d9683d53fee38fa4) Importer(815301076,1909f56bfc062723c751e8b465ee728b) (PreviewImporter) -> (artifact id: '926ad4058cb790b6026e436129734ee2') in 0.1212796 seconds
Number of updated asset objects reloaded before import = 0Number of asset objects unloaded after import = 2

========================================================================
Received Import Request.
  Time since last request: 0.000039 seconds.
  path: Assets/Blood decal pack/blood/Materials/blood3.mat
  artifactKey: Guid(292e2c0caaabe0543b654be5f70d5eb1) Importer(815301076,1909f56bfc062723c751e8b465ee728b)
Start importing Assets/Blood decal pack/blood/Materials/blood3.mat using Guid(292e2c0caaabe0543b654be5f70d5eb1) Importer(815301076,1909f56bfc062723c751e8b465ee728b) (PreviewImporter) -> (artifact id: '4107b66225e0565d12773e111bff6dba') in 0.6231499 seconds
Number of updated asset objects reloaded before import = 0Number of asset objects unloaded after import = 2

========================================================================
Received Import Request.
  Time since last request: 0.000032 seconds.
  path: Assets/Blood decal pack/blood/Materials/blood2.mat
  artifactKey: Guid(a7b4df171e5fdd6408b5823b6106352a) Importer(815301076,1909f56bfc062723c751e8b465ee728b)
Start importing Assets/Blood decal pack/blood/Materials/blood2.mat using Guid(a7b4df171e5fdd6408b5823b6106352a) Importer(815301076,1909f56bfc062723c751e8b465ee728b) (PreviewImporter) -> (artifact id: '985b96c8108a8031f6d1a7ccde4ee48a') in 0.0606798 seconds
Number of updated asset objects reloaded before import = 0Number of asset objects unloaded after import = 2

========================================================================
Received Import Request.
  Time since last request: 5.451812 seconds.
  path: Assets/Blood decal pack/blood/prefab/blood1.prefab
  artifactKey: Guid(358b75ea5451cf143ab19029a189097d) Importer(815301076,1909f56bfc062723c751e8b465ee728b)
Start importing Assets/Blood decal pack/blood/prefab/blood1.prefab using Guid(358b75ea5451cf143ab19029a189097d) Importer(815301076,1909f56bfc062723c751e8b465ee728b) (PreviewImporter) -> (artifact id: 'f855fde3eb79b0ddee94194098b9149e') in 0.2570129 seconds
Number of updated asset objects reloaded before import = 0Number of asset objects unloaded after import = 8

========================================================================
Received Import Request.
  Time since last request: 0.000025 seconds.
  path: Assets/Blood decal pack/blood/prefab/blood4.prefab
  artifactKey: Guid(6fe4d785744af2c40a2157f5b209d97f) Importer(815301076,1909f56bfc062723c751e8b465ee728b)
Start importing Assets/Blood decal pack/blood/prefab/blood4.prefab using Guid(6fe4d785744af2c40a2157f5b209d97f) Importer(815301076,1909f56bfc062723c751e8b465ee728b) (PreviewImporter) -> (artifact id: '451928e8a92f7c2bbe16f4b2ad905c35') in 0.0263353 seconds
Number of updated asset objects reloaded before import = 0Number of asset objects unloaded after import = 8

========================================================================
Received Import Request.
  Time since last request: 6.176911 seconds.
  path: Assets/Blood decal pack/blood/prefab
  artifactKey: Guid(6608fb2b219932d479fcb7ab7121ab6f) Importer(815301076,1909f56bfc062723c751e8b465ee728b)
Start importing Assets/Blood decal pack/blood/prefab using Guid(6608fb2b219932d479fcb7ab7121ab6f) Importer(815301076,1909f56bfc062723c751e8b465ee728b) (PreviewImporter) -> (artifact id: '429d699dfc5e6e547701ed1a44ed6873') in 0.0006487 seconds
Number of updated asset objects reloaded before import = 0Number of asset objects unloaded after import = 0

========================================================================
Received Import Request.
  Time since last request: 28.639135 seconds.
  path: Assets/Blood decal pack/blood/sangue.mat
  artifactKey: Guid(af28578703927784d9be0df2e2411195) Importer(815301076,1909f56bfc062723c751e8b465ee728b)
Start importing Assets/Blood decal pack/blood/sangue.mat using Guid(af28578703927784d9be0df2e2411195) Importer(815301076,1909f56bfc062723c751e8b465ee728b) (PreviewImporter) -> (artifact id: '437e95e6ca1ae14f955061e7d31238fc') in 0.2752939 seconds
Number of updated asset objects reloaded before import = 0Number of asset objects unloaded after import = 1

========================================================================
Received Import Request.
  Time since last request: 517.864647 seconds.
  path: Assets/Blood decal pack/blood/blood.tif
  artifactKey: Guid(493e3d4c4724c804f8bbebe749c9ff77) Importer(815301076,1909f56bfc062723c751e8b465ee728b)
Start importing Assets/Blood decal pack/blood/blood.tif using Guid(493e3d4c4724c804f8bbebe749c9ff77) Importer(815301076,1909f56bfc062723c751e8b465ee728b) (PreviewImporter) -> (artifact id: 'ba31603a4c692512d697a740bb923e75') in 0.0508847 seconds
Number of updated asset objects reloaded before import = 0Number of asset objects unloaded after import = 2

========================================================================
Received Import Request.
  Time since last request: 75.925076 seconds.
  path: Assets/Blood decal pack/blood/blood3.tif
  artifactKey: Guid(815ba632b4464eb4a813592a7f01fb7b) Importer(815301076,1909f56bfc062723c751e8b465ee728b)
Start importing Assets/Blood decal pack/blood/blood3.tif using Guid(815ba632b4464eb4a813592a7f01fb7b) Importer(815301076,1909f56bfc062723c751e8b465ee728b) (PreviewImporter) -> (artifact id: '5be9f10db8825da60e2f744c122468b1') in 0.0482647 seconds
Number of updated asset objects reloaded before import = 0Number of asset objects unloaded after import = 2

========================================================================
Received Import Request.
  Time since last request: 13.077328 seconds.
  path: Assets/Blood decal pack/blood/sangue.mat
  artifactKey: Guid(af28578703927784d9be0df2e2411195) Importer(815301076,1909f56bfc062723c751e8b465ee728b)
Start importing Assets/Blood decal pack/blood/sangue.mat using Guid(af28578703927784d9be0df2e2411195) Importer(815301076,1909f56bfc062723c751e8b465ee728b) (PreviewImporter) -> (artifact id: 'eaab3e7f1063e58edcc7b176019c5efa') in 5.5523635 seconds
Number of updated asset objects reloaded before import = 0Number of asset objects unloaded after import = 2

========================================================================
Received Import Request.
  Time since last request: 2.592707 seconds.
  path: Assets/Blood decal pack/blood/sangue 3.mat
  artifactKey: Guid(4a958a0cdae4b664ab3888e70b4ec0e1) Importer(815301076,1909f56bfc062723c751e8b465ee728b)
Start importing Assets/Blood decal pack/blood/sangue 3.mat using Guid(4a958a0cdae4b664ab3888e70b4ec0e1) Importer(815301076,1909f56bfc062723c751e8b465ee728b) (PreviewImporter) -> (artifact id: '7e333bbf3370311744bee2350130a76e') in 0.1194293 seconds
Number of updated asset objects reloaded before import = 0Number of asset objects unloaded after import = 1

========================================================================
Received Import Request.
  Time since last request: 8.016326 seconds.
  path: Assets/Blood decal pack/blood/prefab/blood1.prefab
  artifactKey: Guid(358b75ea5451cf143ab19029a189097d) Importer(815301076,1909f56bfc062723c751e8b465ee728b)
Start importing Assets/Blood decal pack/blood/prefab/blood1.prefab using Guid(358b75ea5451cf143ab19029a189097d) Importer(815301076,1909f56bfc062723c751e8b465ee728b) (PreviewImporter) -> (artifact id: '2b2b9cf4134301d8ac2b0279f7a07d4c') in 0.0121308 seconds
Number of updated asset objects reloaded before import = 0Number of asset objects unloaded after import = 8

========================================================================
Received Import Request.
  Time since last request: 248.378678 seconds.
  path: Assets/Blood decal pack/blood/blood2.tif
  artifactKey: Guid(57d2109c3c949be489f1be7e1606777c) Importer(815301076,1909f56bfc062723c751e8b465ee728b)
Start importing Assets/Blood decal pack/blood/blood2.tif using Guid(57d2109c3c949be489f1be7e1606777c) Importer(815301076,1909f56bfc062723c751e8b465ee728b) (PreviewImporter) -> (artifact id: '2ee5654418f3b5dd7a0a3ab8bf0d8684') in 0.0638814 seconds
Number of updated asset objects reloaded before import = 0Number of asset objects unloaded after import = 2

========================================================================
Received Import Request.
  Time since last request: 12.471052 seconds.
  path: Assets/Blood decal pack/blood/sangue 2.mat
  artifactKey: Guid(920abc0ccd463d846bde9e36acbda9f8) Importer(815301076,1909f56bfc062723c751e8b465ee728b)
Start importing Assets/Blood decal pack/blood/sangue 2.mat using Guid(920abc0ccd463d846bde9e36acbda9f8) Importer(815301076,1909f56bfc062723c751e8b465ee728b) (PreviewImporter) -> (artifact id: '09394c64752f3c0ae416e65fa57dd359') in 0.1575197 seconds
Number of updated asset objects reloaded before import = 0Number of asset objects unloaded after import = 1

========================================================================
Received Import Request.
  Time since last request: 199.991477 seconds.
  path: Assets/Blood decal pack/blood/sangue.mat
  artifactKey: Guid(af28578703927784d9be0df2e2411195) Importer(815301076,1909f56bfc062723c751e8b465ee728b)
Start importing Assets/Blood decal pack/blood/sangue.mat using Guid(af28578703927784d9be0df2e2411195) Importer(815301076,1909f56bfc062723c751e8b465ee728b) (PreviewImporter) -> (artifact id: 'e6d7c9ad2ce344d1955c61ff4bb43f8b') in 0.1435447 seconds
Number of updated asset objects reloaded before import = 0Number of asset objects unloaded after import = 2

========================================================================
Received Import Request.
  Time since last request: 0.000040 seconds.
  path: Assets/Blood decal pack/blood/sangue 4.mat
  artifactKey: Guid(fe5b364cf98b5b54a995aa693c01419f) Importer(815301076,1909f56bfc062723c751e8b465ee728b)
Start importing Assets/Blood decal pack/blood/sangue 4.mat using Guid(fe5b364cf98b5b54a995aa693c01419f) Importer(815301076,1909f56bfc062723c751e8b465ee728b) (PreviewImporter) -> (artifact id: '454e71b2617557c12ee8ee746843fb07') in 0.1119005 seconds
Number of updated asset objects reloaded before import = 0Number of asset objects unloaded after import = 1

========================================================================
Received Import Request.
  Time since last request: 16.353742 seconds.
  path: Assets/Blood decal pack/blood/blood4.tif
  artifactKey: Guid(6016dd71388801a4ca4591af47627618) Importer(815301076,1909f56bfc062723c751e8b465ee728b)
Start importing Assets/Blood decal pack/blood/blood4.tif using Guid(6016dd71388801a4ca4591af47627618) Importer(815301076,1909f56bfc062723c751e8b465ee728b) (PreviewImporter) -> (artifact id: 'f9713390fdb88350e68a83622dea7617') in 0.0337396 seconds
Number of updated asset objects reloaded before import = 0Number of asset objects unloaded after import = 2

========================================================================
Received Import Request.
  Time since last request: 130.828544 seconds.
  path: Assets/Blood decal pack/blood/prefab/blood4.prefab
  artifactKey: Guid(6fe4d785744af2c40a2157f5b209d97f) Importer(815301076,1909f56bfc062723c751e8b465ee728b)
Start importing Assets/Blood decal pack/blood/prefab/blood4.prefab using Guid(6fe4d785744af2c40a2157f5b209d97f) Importer(815301076,1909f56bfc062723c751e8b465ee728b) (PreviewImporter) -> (artifact id: '121a8fd72c2626b612b09242e63324de') in 0.0279232 seconds
Number of updated asset objects reloaded before import = 0Number of asset objects unloaded after import = 8

========================================================================
Received Import Request.
  Time since last request: 38.191501 seconds.
  path: Assets/Blood decal pack/blood/blood7.tif
  artifactKey: Guid(eb68a545b98b039419d6a0bd6982f09d) Importer(815301076,1909f56bfc062723c751e8b465ee728b)
Start importing Assets/Blood decal pack/blood/blood7.tif using Guid(eb68a545b98b039419d6a0bd6982f09d) Importer(815301076,1909f56bfc062723c751e8b465ee728b) (PreviewImporter) -> (artifact id: '580a68517097ac8100cc2d377562fe59') in 0.0429703 seconds
Number of updated asset objects reloaded before import = 0Number of asset objects unloaded after import = 2

========================================================================
Received Import Request.
  Time since last request: 8.168224 seconds.
  path: Assets/Blood decal pack/blood/sangue 4.mat
  artifactKey: Guid(fe5b364cf98b5b54a995aa693c01419f) Importer(815301076,1909f56bfc062723c751e8b465ee728b)
Start importing Assets/Blood decal pack/blood/sangue 4.mat using Guid(fe5b364cf98b5b54a995aa693c01419f) Importer(815301076,1909f56bfc062723c751e8b465ee728b) (PreviewImporter) -> (artifact id: '369a54ad56acec65dcbf88292e41677c') in 0.1328579 seconds
Number of updated asset objects reloaded before import = 0Number of asset objects unloaded after import = 2

========================================================================
Received Import Request.
  Time since last request: 80.475469 seconds.
  path: Assets/Blood decal pack/blood/prefab/blood7.prefab
  artifactKey: Guid(43dd1ba2a5dde844eb01240da13ab96b) Importer(815301076,1909f56bfc062723c751e8b465ee728b)
Start importing Assets/Blood decal pack/blood/prefab/blood7.prefab using Guid(43dd1ba2a5dde844eb01240da13ab96b) Importer(815301076,1909f56bfc062723c751e8b465ee728b) (PreviewImporter) -> (artifact id: '895d40a33887929b518e08877e78d61d') in 0.0104595 seconds
Number of updated asset objects reloaded before import = 0Number of asset objects unloaded after import = 8

========================================================================
Received Import Request.
  Time since last request: 49.411444 seconds.
  path: Assets/Blood decal pack/blood/sangue 1.mat
  artifactKey: Guid(df710765c0e1b6f4a8c404acd3562b3e) Importer(815301076,1909f56bfc062723c751e8b465ee728b)
Start importing Assets/Blood decal pack/blood/sangue 1.mat using Guid(df710765c0e1b6f4a8c404acd3562b3e) Importer(815301076,1909f56bfc062723c751e8b465ee728b) (PreviewImporter) -> (artifact id: '088d9870f35350c5d5f0b27bca45db72') in 0.1002657 seconds
Number of updated asset objects reloaded before import = 0Number of asset objects unloaded after import = 1

========================================================================
Received Import Request.
  Time since last request: 8.118472 seconds.
  path: Assets/Blood decal pack/blood/blood1.tif
  artifactKey: Guid(5e14fc2d91e94974ab4aa5c614368aa1) Importer(815301076,1909f56bfc062723c751e8b465ee728b)
Start importing Assets/Blood decal pack/blood/blood1.tif using Guid(5e14fc2d91e94974ab4aa5c614368aa1) Importer(815301076,1909f56bfc062723c751e8b465ee728b) (PreviewImporter) -> (artifact id: '31c9005a46bc69f12e1b68ae69d6eb3e') in 0.0335432 seconds
Number of updated asset objects reloaded before import = 0Number of asset objects unloaded after import = 2

========================================================================
Received Import Request.
  Time since last request: 57.800519 seconds.
  path: Assets/Blood decal pack/blood/prefab/blood2.prefab
  artifactKey: Guid(cfc7596704bbd7f489156fcd4c05c7e9) Importer(815301076,1909f56bfc062723c751e8b465ee728b)
Start importing Assets/Blood decal pack/blood/prefab/blood2.prefab using Guid(cfc7596704bbd7f489156fcd4c05c7e9) Importer(815301076,1909f56bfc062723c751e8b465ee728b) (PreviewImporter) -> (artifact id: 'f5d5b5a0823f947db66ba1d5344a8fe6') in 0.0179396 seconds
Number of updated asset objects reloaded before import = 0Number of asset objects unloaded after import = 8

========================================================================
Received Import Request.
  Time since last request: 24.760104 seconds.
  path: Assets/Blood decal pack/blood/sangue 1.mat
  artifactKey: Guid(df710765c0e1b6f4a8c404acd3562b3e) Importer(815301076,1909f56bfc062723c751e8b465ee728b)
Start importing Assets/Blood decal pack/blood/sangue 1.mat using Guid(df710765c0e1b6f4a8c404acd3562b3e) Importer(815301076,1909f56bfc062723c751e8b465ee728b) (PreviewImporter) -> (artifact id: '51548bbd0747e5150cea481fb826a190') in 0.0789877 seconds
Number of updated asset objects reloaded before import = 0Number of asset objects unloaded after import = 2

========================================================================
Received Import Request.
  Time since last request: 5.645551 seconds.
  path: Assets/Blood decal pack/blood/blood5.tif
  artifactKey: Guid(80b7da75141e8414387fd3593a172a09) Importer(815301076,1909f56bfc062723c751e8b465ee728b)
Start importing Assets/Blood decal pack/blood/blood5.tif using Guid(80b7da75141e8414387fd3593a172a09) Importer(815301076,1909f56bfc062723c751e8b465ee728b) (PreviewImporter) -> (artifact id: '27722831c05d3e82741e88bce11497a0') in 0.0536461 seconds
Number of updated asset objects reloaded before import = 0Number of asset objects unloaded after import = 2

========================================================================
Received Import Request.
  Time since last request: 57.347924 seconds.
  path: Assets/Blood decal pack/blood/prefab/blood5.prefab
  artifactKey: Guid(aec54d7a991d7b644b145d550a4b7831) Importer(815301076,1909f56bfc062723c751e8b465ee728b)
Start importing Assets/Blood decal pack/blood/prefab/blood5.prefab using Guid(aec54d7a991d7b644b145d550a4b7831) Importer(815301076,1909f56bfc062723c751e8b465ee728b) (PreviewImporter) -> (artifact id: '3dc5b9a2ffcac1b7b533885ab71488ed') in 0.0112892 seconds
Number of updated asset objects reloaded before import = 0Number of asset objects unloaded after import = 8

========================================================================
Received Import Request.
  Time since last request: 12.937808 seconds.
  path: Assets/Blood decal pack/blood/blood6.tif
  artifactKey: Guid(5e7327cab4c8de24696ab0ad11955926) Importer(815301076,1909f56bfc062723c751e8b465ee728b)
Start importing Assets/Blood decal pack/blood/blood6.tif using Guid(5e7327cab4c8de24696ab0ad11955926) Importer(815301076,1909f56bfc062723c751e8b465ee728b) (PreviewImporter) -> (artifact id: '439ffd80ee766f21d6ce88c84a543005') in 0.0269466 seconds
Number of updated asset objects reloaded before import = 0Number of asset objects unloaded after import = 2

========================================================================
Received Import Request.
  Time since last request: 7.951337 seconds.
  path: Assets/Blood decal pack/blood/sangue 5.mat
  artifactKey: Guid(35591390427f6e14c95b7c8620b0ca50) Importer(815301076,1909f56bfc062723c751e8b465ee728b)
Start importing Assets/Blood decal pack/blood/sangue 5.mat using Guid(35591390427f6e14c95b7c8620b0ca50) Importer(815301076,1909f56bfc062723c751e8b465ee728b) (PreviewImporter) -> (artifact id: '6b5ea21ea9f0d84ed55feaf16b177108') in 0.1430617 seconds
Number of updated asset objects reloaded before import = 0Number of asset objects unloaded after import = 2

========================================================================
Received Import Request.
  Time since last request: 106.892451 seconds.
  path: Assets/Blood decal pack/blood/prefab/blood6.prefab
  artifactKey: Guid(14987c031123b98408a165a8bf1288d4) Importer(815301076,1909f56bfc062723c751e8b465ee728b)
Start importing Assets/Blood decal pack/blood/prefab/blood6.prefab using Guid(14987c031123b98408a165a8bf1288d4) Importer(815301076,1909f56bfc062723c751e8b465ee728b) (PreviewImporter) -> (artifact id: '8c1233ba6e4180be8eaebdebd45ed760') in 0.0108696 seconds
Number of updated asset objects reloaded before import = 0Number of asset objects unloaded after import = 8

========================================================================
Received Prepare
Begin MonoManager ReloadAssembly
Leak Detected : Persistent allocates 8 individual allocations. To find out more please enable 'Preferences > Jobs > Leak Detection Level > Enabled With Stack Trace' and reproduce the leak again.
- Loaded All Assemblies, in  0.653 seconds
'Packages/com.unity.render-pipelines.high-definition/Editor/Wizard/HDWizard.UIElement.cs' contains partial class of Unity.Object, exactly 1 of the partial classes needs to be in a file with the same filename. This is to know the one that can be referenced from ie. GameObjects
'Packages/com.unity.render-pipelines.high-definition/Editor/Wizard/HDWizard.Configuration.cs' contains partial class of Unity.Object, exactly 1 of the partial classes needs to be in a file with the same filename. This is to know the one that can be referenced from ie. GameObjects
'Packages/com.unity.render-pipelines.high-definition/Editor/Wizard/HDWizard.Window.cs' contains partial class of Unity.Object, exactly 1 of the partial classes needs to be in a file with the same filename. This is to know the one that can be referenced from ie. GameObjects
Refreshing native plugins compatible for Editor in 0.43 ms, found 3 plugins.
Native extension for iOS target not found
Native extension for Android target not found
Native extension for WindowsStandalone target not found
Mono: successfully reloaded assembly
- Finished resetting the current domain, in  0.531 seconds
Domain Reload Profiling: 1187ms
	BeginReloadAssembly (238ms)
		ExecutionOrderSort (1ms)
		DisableScriptedObjects (41ms)
		BackupInstance (0ms)
		ReleaseScriptingObjects (0ms)
		CreateAndSetChildDomain (75ms)
	RebuildCommonClasses (25ms)
	RebuildNativeTypeToScriptingClass (9ms)
	initialDomainReloadingComplete (20ms)
	LoadAllAssembliesAndSetupDomain (363ms)
		LoadAssemblies (276ms)
		RebuildTransferFunctionScriptingTraits (0ms)
		AnalyzeDomain (164ms)
			TypeCache.Refresh (6ms)
				TypeCache.ScanAssembly (0ms)
			BuildScriptInfoCaches (147ms)
			ResolveRequiredComponents (8ms)
	FinalizeReload (531ms)
		ReleaseScriptCaches (0ms)
		RebuildScriptCaches (0ms)
		SetupLoadedEditorAssemblies (352ms)
			LogAssemblyErrors (0ms)
			InitializePlatformSupportModulesInManaged (10ms)
			SetLoadedEditorAssemblies (3ms)
			BeforeProcessingInitializeOnLoad (74ms)
			ProcessInitializeOnLoadAttributes (211ms)
			ProcessInitializeOnLoadMethodAttributes (50ms)
			AfterProcessingInitializeOnLoad (2ms)
			EditorAssembliesLoaded (0ms)
		ExecutionOrderSort2 (0ms)
		AwakeInstancesAfterBackupRestoration (10ms)
Refreshing native plugins compatible for Editor in 0.47 ms, found 3 plugins.
Preloading 0 native plugins for Editor in 0.00 ms.
Unloading 15 Unused Serialized files (Serialized files now loaded: 0)
Unloading 6753 unused Assets / (5.8 MB). Loaded Objects now: 7896.
Memory consumption went from 231.3 MB to 225.5 MB.
Total: 6.827200 ms (FindLiveObjects: 0.535300 ms CreateObjectMapping: 0.476900 ms MarkObjects: 3.716100 ms  DeleteObjects: 2.097100 ms)

Prepare: number of updated asset objects reloaded= 0
